
> sy-data-sub@0.1.0 build
> next build

Ôû▓ Next.js 16.2.3 (Turbopack)
- Environments: .env.local

  Creating an optimized production build ...
Ô£ô Compiled successfully in 5.8s
  Running TypeScript ...
  Finished TypeScript in 5.9s ...
  Collecting page data using 7 workers ...
  Generating static pages using 7 workers (0/38) ...
  Generating static pages using 7 workers (9/38) 
node.exe : ÔÜá Unsupported metadata viewport is configured in 
metadata export in /admin/analytics. Please move it to viewport 
export instead.
At line:1 char:1
+ & "C:\Program Files\nodejs/node.exe" "C:\Program 
Files\nodejs/node_mo ...
+ ~~~~~~~~~~~~~~~~~~~~~~~~~~~~~~~~~~~~~~~~~~~~~~~~~~~~~~~~~~~~~~
~~~~~~~
    + CategoryInfo          : NotSpecified: (ÔÜá Unsupported... 
   export instead.:String) [], RemoteException
    + FullyQualifiedErrorId : NativeCommandError
 
Read more: https://nextjs.org/docs/app/api-reference/functions/g
enerate-viewport
ÔÜá Unsupported metadata viewport is configured in metadata 
export in /app/dashboard. Please move it to viewport export 
instead.
Read more: https://nextjs.org/docs/app/api-reference/functions/g
enerate-viewport
ÔÜá Unsupported metadata viewport is configured in metadata 
export in /app/checkout. Please move it to viewport export 
instead.
Read more: https://nextjs.org/docs/app/api-reference/functions/g
enerate-viewport
ÔÜá Unsupported metadata viewport is configured in metadata 
export in /app. Please move it to viewport export instead.
Read more: https://nextjs.org/docs/app/api-reference/functions/g
enerate-viewport
ÔÜá Unsupported metadata viewport is configured in metadata 
export in /app/dashboard/rewards. Please move it to viewport 
export instead.
Read more: https://nextjs.org/docs/app/api-reference/functions/g
enerate-viewport
ÔÜá Unsupported metadata viewport is configured in metadata 
export in /app/dashboard/settings/change-pin. Please move it to 
viewport export instead.
Read more: https://nextjs.org/docs/app/api-reference/functions/g
enerate-viewport
ÔÜá Unsupported metadata viewport is configured in metadata 
export in /app/dashboard/settings. Please move it to viewport 
export instead.
Read more: https://nextjs.org/docs/app/api-reference/functions/g
enerate-viewport
ÔÜá Unsupported metadata viewport is configured in metadata 
export in /admin. Please move it to viewport export instead.
Read more: https://nextjs.org/docs/app/api-reference/functions/g
enerate-viewport
ÔÜá Unsupported metadata viewport is configured in metadata 
export in /_not-found. Please move it to viewport export 
instead.
Read more: https://nextjs.org/docs/app/api-reference/functions/g
enerate-viewport
ÔÜá Unsupported metadata viewport is configured in metadata 
export in /admin/plans. Please move it to viewport export 
instead.
Read more: https://nextjs.org/docs/app/api-reference/functions/g
enerate-viewport
ÔÜá Unsupported metadata viewport is configured in metadata 
export in /admin/transactions. Please move it to viewport 
export instead.
Read more: https://nextjs.org/docs/app/api-reference/functions/g
enerate-viewport
ÔÜá Unsupported metadata viewport is configured in metadata 
export in /admin/users. Please move it to viewport export 
instead.
Read more: https://nextjs.org/docs/app/api-reference/functions/g
enerate-viewport
  Generating static pages using 7 workers (18/38) 
ÔÜá Unsupported metadata viewport is configured in metadata 
export in /. Please move it to viewport export instead.
Read more: https://nextjs.org/docs/app/api-reference/functions/g
enerate-viewport
  Generating static pages using 7 workers (28/38) 
ÔÜá Unsupported metadata viewport is configured in metadata 
export in /transaction-status. Please move it to viewport 
export instead.
Read more: https://nextjs.org/docs/app/api-reference/functions/g
enerate-viewport
Ô£ô Generating static pages using 7 workers (38/38) in 678ms
  Finalizing page optimization ...

Route (app)
Ôöî Ôùï /
Ôö£ Ôùï /_not-found
Ôö£ ãÆ /admin
Ôö£ Ôùï /admin/analytics
Ôö£ Ôùï /admin/plans
Ôö£ Ôùï /admin/transactions
Ôö£ Ôùï /admin/users
Ôö£ ãÆ /api/admin/analytics
Ôö£ ãÆ /api/admin/login
Ôö£ ãÆ /api/admin/plans
Ôö£ ãÆ /api/admin/plans/[id]
Ôö£ ãÆ /api/admin/transactions
Ôö£ ãÆ /api/admin/users
Ôö£ ãÆ /api/admin/users/[id]
Ôö£ ãÆ /api/admin/users/[id]/balance
Ôö£ ãÆ /api/admin/users/[id]/reset-pin
Ôö£ ãÆ /api/airtime/purchase
Ôö£ ãÆ /api/auth/change-pin
Ôö£ ãÆ /api/auth/login
Ôö£ ãÆ /api/auth/logout
Ôö£ ãÆ /api/auth/me
Ôö£ ãÆ /api/auth/signup
Ôö£ ãÆ /api/auth/verify-pin
Ôö£ ãÆ /api/data/guest-purchase
Ôö£ ãÆ /api/data/plans
Ôö£ ãÆ /api/data/purchase
Ôö£ ãÆ /api/flutterwave/create-temp-account
Ôö£ ãÆ /api/flutterwave/create-virtual-account
Ôö£ ãÆ /api/flutterwave/webhook
Ôö£ ãÆ /api/rewards
Ôö£ ãÆ /api/transactions
Ôö£ ãÆ /api/transactions/status
Ôö£ ãÆ /api/transactions/verify-manual
Ôö£ Ôùï /app
Ôö£ Ôùï /app/checkout
Ôö£ Ôùï /app/dashboard
Ôö£ Ôùï /app/dashboard/rewards
Ôö£ Ôùï /app/dashboard/settings
Ôö£ Ôùï /app/dashboard/settings/change-pin
Ôöö Ôùï /transaction-status


Ôùï  (Static)   prerendered as static content
ãÆ  (Dynamic)  server-rendered on demand

